python : [QUIZ] Quiz app blueprints registered successfully at /quiz
At line:2 char:85
+ ...  - jackcapstaff.com\Jack\jackcapstaff.com"; rm error.log; python -c "
+                                                               ~~~~~~~~~~~
    + CategoryInfo          : NotSpecified: ([QUIZ] Quiz app...sfully at /quiz:String) [], RemoteException
    + FullyQualifiedErrorId : NativeCommandError
 
[MIDDLEWARE] Mounted rehearsal-schedule at /rehearsal-schedule
[MIDDLEWARE] Mounted using DispatcherMiddleware
[2026-07-13 11:58:12,875] ERROR in app: Exception on /quiz/ [GET]
Traceback (most recent call last):
  File "C:\Users\Jack\AppData\Local\Programs\Python\Python312\Lib\site-packages\sqlalchemy\orm\relationships.py", line 
2423, in _determine_joins
    self.primaryjoin = join_condition(
                       ^^^^^^^^^^^^^^^
  File "C:\Users\Jack\AppData\Local\Programs\Python\Python312\Lib\site-packages\sqlalchemy\sql\util.py", line 123, in 
join_condition
    return Join._join_condition(
           ^^^^^^^^^^^^^^^^^^^^^
  File "C:\Users\Jack\AppData\Local\Programs\Python\Python312\Lib\site-packages\sqlalchemy\sql\selectable.py", line 
1380, in _join_condition
    raise exc.NoForeignKeysError(
sqlalchemy.exc.NoForeignKeysError: Can't find any foreign key relationships between 'question_bank_imports' and 'user'.

The above exception was the direct cause of the following exception:

Traceback (most recent call last):
  File "C:\Users\Jack\AppData\Local\Programs\Python\Python312\Lib\site-packages\flask\app.py", line 1511, in wsgi_app
    response = self.full_dispatch_request()
               ^^^^^^^^^^^^^^^^^^^^^^^^^^^^
  File "C:\Users\Jack\AppData\Local\Programs\Python\Python312\Lib\site-packages\flask\app.py", line 919, in 
full_dispatch_request
    rv = self.handle_user_exception(e)
         ^^^^^^^^^^^^^^^^^^^^^^^^^^^^^
  File "C:\Users\Jack\AppData\Local\Programs\Python\Python312\Lib\site-packages\flask\app.py", line 917, in 
full_dispatch_request
    rv = self.dispatch_request()
         ^^^^^^^^^^^^^^^^^^^^^^^
  File "C:\Users\Jack\AppData\Local\Programs\Python\Python312\Lib\site-packages\flask\app.py", line 902, in 
dispatch_request
    return self.ensure_sync(self.view_functions[rule.endpoint])(**view_args)  # type: ignore[no-any-return]
           ^^^^^^^^^^^^^^^^^^^^^^^^^^^^^^^^^^^^^^^^^^^^^^^^^^^^^^^^^^^^^^^^^
  File "C:\Users\Jack\OneDrive - jackcapstaff.com\Jack\jackcapstaff.com\quiz_app\app\main\routes.py", line 14, in index
    return render_template("index.html")
           ^^^^^^^^^^^^^^^^^^^^^^^^^^^^^
  File "C:\Users\Jack\AppData\Local\Programs\Python\Python312\Lib\site-packages\flask\templating.py", line 150, in 
render_template
    return _render(app, template, context)
           ^^^^^^^^^^^^^^^^^^^^^^^^^^^^^^^
  File "C:\Users\Jack\AppData\Local\Programs\Python\Python312\Lib\site-packages\flask\templating.py", line 127, in 
_render
    app.update_template_context(context)
  File "C:\Users\Jack\AppData\Local\Programs\Python\Python312\Lib\site-packages\flask\app.py", line 530, in 
update_template_context
    context.update(self.ensure_sync(func)())
                   ^^^^^^^^^^^^^^^^^^^^^^^^
  File "C:\Users\Jack\OneDrive - jackcapstaff.com\Jack\jackcapstaff.com\admin.py", line 72, in inject_admin_globals
    unread_messages = ContactMessage.query.filter_by(read=False).count()
                      ^^^^^^^^^^^^^^^^^^^^
  File "C:\Users\Jack\AppData\Local\Programs\Python\Python312\Lib\site-packages\flask_sqlalchemy\model.py", line 22, 
in __get__
    return cls.query_class(
           ^^^^^^^^^^^^^^^^
  File "C:\Users\Jack\AppData\Local\Programs\Python\Python312\Lib\site-packages\sqlalchemy\orm\query.py", line 275, in 
__init__
    self._set_entities(entities)
  File "C:\Users\Jack\AppData\Local\Programs\Python\Python312\Lib\site-packages\sqlalchemy\orm\query.py", line 288, in 
_set_entities
    coercions.expect(
  File "C:\Users\Jack\AppData\Local\Programs\Python\Python312\Lib\site-packages\sqlalchemy\sql\coercions.py", line 
388, in expect
    insp._post_inspect
  File "C:\Users\Jack\AppData\Local\Programs\Python\Python312\Lib\site-packages\sqlalchemy\util\langhelpers.py", line 
1253, in __get__
    obj.__dict__[self.__name__] = result = self.fget(obj)
                                           ^^^^^^^^^^^^^^
  File "C:\Users\Jack\AppData\Local\Programs\Python\Python312\Lib\site-packages\sqlalchemy\orm\mapper.py", line 2722, 
in _post_inspect
    self._check_configure()
  File "C:\Users\Jack\AppData\Local\Programs\Python\Python312\Lib\site-packages\sqlalchemy\orm\mapper.py", line 2399, 
in _check_configure
    _configure_registries({self.registry}, cascade=True)
  File "C:\Users\Jack\AppData\Local\Programs\Python\Python312\Lib\site-packages\sqlalchemy\orm\mapper.py", line 4215, 
in _configure_registries
    _do_configure_registries(registries, cascade)
  File "C:\Users\Jack\AppData\Local\Programs\Python\Python312\Lib\site-packages\sqlalchemy\orm\mapper.py", line 4256, 
in _do_configure_registries
    mapper._post_configure_properties()
  File "C:\Users\Jack\AppData\Local\Programs\Python\Python312\Lib\site-packages\sqlalchemy\orm\mapper.py", line 2416, 
in _post_configure_properties
    prop.init()
  File "C:\Users\Jack\AppData\Local\Programs\Python\Python312\Lib\site-packages\sqlalchemy\orm\interfaces.py", line 
589, in init
    self.do_init()
  File "C:\Users\Jack\AppData\Local\Programs\Python\Python312\Lib\site-packages\sqlalchemy\orm\relationships.py", line 
1644, in do_init
    self._setup_join_conditions()
  File "C:\Users\Jack\AppData\Local\Programs\Python\Python312\Lib\site-packages\sqlalchemy\orm\relationships.py", line 
1884, in _setup_join_conditions
    self._join_condition = jc = JoinCondition(
                                ^^^^^^^^^^^^^^
  File "C:\Users\Jack\AppData\Local\Programs\Python\Python312\Lib\site-packages\sqlalchemy\orm\relationships.py", line 
2310, in __init__
    self._determine_joins()
  File "C:\Users\Jack\AppData\Local\Programs\Python\Python312\Lib\site-packages\sqlalchemy\orm\relationships.py", line 
2444, in _determine_joins
    raise sa_exc.NoForeignKeysError(
sqlalchemy.exc.NoForeignKeysError: Could not determine join condition between parent/child tables on relationship 
QuestionBankImport.importer - there are no foreign keys linking these tables.  Ensure that referencing columns are 
associated with a ForeignKey or ForeignKeyConstraint, or specify a 'primaryjoin' expression.
[FOLLOWUPS] Running scheduled follow-up reminders
[LOAD] schedule=sched_1634c3e9a1 source=FILE (db disabled)
[LOAD] schedule=sched_2077604601 source=FILE (db disabled)
Status: 500
